High likelihood of successful CVE-2014-6271 exploitation against 10.246.50.6.  Attack over HTTP and sent a ping to 10.246.50.2 within 0.00 seconds of an attack.
